// Jest Snapshot v1, https://goo.gl/fbAQLP

exports[`TodoList Matches snapshot 1`] = `
<TodoList
  dispatch={[Function]}
  store={
    Object {
      "clearActions": [Function],
      "dispatch": [Function],
      "getActions": [Function],
      "getState": [Function],
      "replaceReducer": [Function],
      "subscribe": [Function],
    }
  }
  todos={Array []}
/>
`;
