// Jest Snapshot v1, https://goo.gl/fbAQLP

exports[`EditTodoPage Matches snapshot 1`] = `"<withRouter(Connect(EditTodo)) />"`;
